// Jest Snapshot v1, https://goo.gl/fbAQLP

exports[`ModalNotification render 1`] = `
<div
  className="modal "
  tabIndex="-1"
>
  <div
    className="modal-dialog"
    role="document"
  >
    <div
      className="modal-content"
    >
      <div
        className="modal-header"
      >
        <h5
          className="modal-title"
          id="exampleModalLabel"
        >
          Error
        </h5>
      </div>
      <div
        className="modal-body"
      >
        Error message: 
        Response status: 401 onUnauthorized
      </div>
    </div>
  </div>
</div>
`;
